// Jest Snapshot v1, https://goo.gl/fbAQLP

exports[`Register View app should render Registration page 1`] = `
<ContextConsumer>
  <Component />
</ContextConsumer>
`;
